// Vitest Snapshot v1

exports[`test injectMometaSFC > VFor element 1`] = `
"<script setup lang=\\"ts\\">
import { ref } from 'vue'
const list = ref([1, 2, 3, 4])
</script>

<template>
  <div :mometa=\\"{ start: { column: 3, line: 7, offset: 106}, end: { column: 9, line: 15, offset: 405}, isSelfClosing: false, filename: \`app\`, isComponent: false, name: \`div\`, began: 6, props: []}\\" >
    <a :mometa=\\"{ start: { column: 5, line: 8, offset: 116}, end: { column: 9, line: 11, offset: 268}, isSelfClosing: false, filename: \`app\`, isComponent: false, name: \`a\`, began: 6, props: [{ diractive: false, name: \`href\`, value: \`https://vitejs.dev\`},{ diractive: false, name: \`target\`, value: \`_blank\`}]}\\"  href=\\"https://vitejs.dev\\" target=\\"_blank\\">
      <img :mometa=\\"{ start: { column: 7, line: 9, offset: 168}, end: { column: 59, line: 9, offset: 220}, isSelfClosing: true, filename: \`app\`, isComponent: false, name: \`img\`, began: 10, props: [{ diractive: false, name: \`src\`, value: \`/vite.svg\`},{ diractive: false, name: \`class\`, value: \`logo\`},{ diractive: false, name: \`alt\`, value: \`Vite logo\`}]}\\"  src=\\"/vite.svg\\" class=\\"logo\\" alt=\\"Vite logo\\" />
      <span :mometa=\\"{ start: { column: 7, line: 10, offset: 227}, end: { column: 23, line: 10, offset: 243}, isSelfClosing: false, filename: \`app\`, isComponent: false, name: \`span\`, began: 11, props: []}\\" >asd</span><span :mometa=\\"{ start: { column: 23, line: 10, offset: 243}, end: { column: 39, line: 10, offset: 259}, isSelfClosing: false, filename: \`app\`, isComponent: false, name: \`span\`, began: 27, props: []}\\" >asd</span>
    </a>
    <a :mometa=\\"{ start: { column: 5, line: 12, offset: 273}, end: { column: 9, line: 14, offset: 396}, isSelfClosing: false, filename: \`app\`, isComponent: false, name: \`a\`, began: 6, props: [{ diractive: false, name: \`href\`, value: \`https://vuejs.org/\`},{ diractive: false, name: \`target\`, value: \`_blank\`}]}\\"  href=\\"https://vuejs.org/\\" target=\\"_blank\\">
      <img :mometa=\\"{ start: { column: 7, line: 13, offset: 325}, end: { column: 69, line: 13, offset: 387}, isSelfClosing: true, filename: \`app\`, isComponent: false, name: \`img\`, began: 10, props: [{ diractive: false, name: \`src\`, value: \`./assets/vue.svg\`},{ diractive: false, name: \`class\`, value: \`logo vue\`},{ diractive: false, name: \`alt\`, value: \`Vue logo\`}]}\\"  src=\\"./assets/vue.svg\\" class=\\"logo vue\\" alt=\\"Vue logo\\" />
    </a>
  </div>
  <span :mometa=\\"{ start: { column: 3, line: 16, offset: 408}, end: { column: 59, line: 16, offset: 464}, isSelfClosing: false, filename: \`app\`, isComponent: false, name: \`span\`, began: 7, props: [{ diractive: \`for\`, value: \`item in list\`},{ diractive: \`bind\`, name: \`key\`, value: \`item\`}]}\\"  v-for=\\"item in list\\" :key=\\"item\\">{{ item }}</span>
</template>

<style scoped>
.logo {
  height: 6em;
  padding: 1.5em;
  will-change: filter;
}
.logo:hover {
  filter: drop-shadow(0 0 2em #646cffaa);
}
.logo.vue:hover {
  filter: drop-shadow(0 0 2em #42b883aa);
}
</style>"
`;

exports[`test injectMometaSFC > common element 1`] = `
"<script setup lang=\\"ts\\">
</script>

<template>
  <div :mometa=\\"{ start: { column: 3, line: 5, offset: 49}, end: { column: 9, line: 13, offset: 348}, isSelfClosing: false, filename: \`app\`, isComponent: false, name: \`div\`, began: 6, props: []}\\" >
    <a :mometa=\\"{ start: { column: 5, line: 6, offset: 59}, end: { column: 9, line: 9, offset: 211}, isSelfClosing: false, filename: \`app\`, isComponent: false, name: \`a\`, began: 6, props: [{ diractive: false, name: \`href\`, value: \`https://vitejs.dev\`},{ diractive: false, name: \`target\`, value: \`_blank\`}]}\\"  href=\\"https://vitejs.dev\\" target=\\"_blank\\">
      <img :mometa=\\"{ start: { column: 7, line: 7, offset: 111}, end: { column: 59, line: 7, offset: 163}, isSelfClosing: true, filename: \`app\`, isComponent: false, name: \`img\`, began: 10, props: [{ diractive: false, name: \`src\`, value: \`/vite.svg\`},{ diractive: false, name: \`class\`, value: \`logo\`},{ diractive: false, name: \`alt\`, value: \`Vite logo\`}]}\\"  src=\\"/vite.svg\\" class=\\"logo\\" alt=\\"Vite logo\\" />
      <span :mometa=\\"{ start: { column: 7, line: 8, offset: 170}, end: { column: 23, line: 8, offset: 186}, isSelfClosing: false, filename: \`app\`, isComponent: false, name: \`span\`, began: 11, props: []}\\" >asd</span><span :mometa=\\"{ start: { column: 23, line: 8, offset: 186}, end: { column: 39, line: 8, offset: 202}, isSelfClosing: false, filename: \`app\`, isComponent: false, name: \`span\`, began: 27, props: []}\\" >asd</span>
    </a>
    <a :mometa=\\"{ start: { column: 5, line: 10, offset: 216}, end: { column: 9, line: 12, offset: 339}, isSelfClosing: false, filename: \`app\`, isComponent: false, name: \`a\`, began: 6, props: [{ diractive: false, name: \`href\`, value: \`https://vuejs.org/\`},{ diractive: false, name: \`target\`, value: \`_blank\`}]}\\"  href=\\"https://vuejs.org/\\" target=\\"_blank\\">
      <img :mometa=\\"{ start: { column: 7, line: 11, offset: 268}, end: { column: 69, line: 11, offset: 330}, isSelfClosing: true, filename: \`app\`, isComponent: false, name: \`img\`, began: 10, props: [{ diractive: false, name: \`src\`, value: \`./assets/vue.svg\`},{ diractive: false, name: \`class\`, value: \`logo vue\`},{ diractive: false, name: \`alt\`, value: \`Vue logo\`}]}\\"  src=\\"./assets/vue.svg\\" class=\\"logo vue\\" alt=\\"Vue logo\\" />
    </a>
  </div>
</template>

<style scoped>
.logo {
  height: 6em;
  padding: 1.5em;
  will-change: filter;
}
.logo:hover {
  filter: drop-shadow(0 0 2em #646cffaa);
}
.logo.vue:hover {
  filter: drop-shadow(0 0 2em #42b883aa);
}
</style>"
`;

exports[`test injectMometaSFC > component element 1`] = `
"<script setup lang=\\"ts\\">
import HelloWorld from './components/HelloWorld.vue'
</script>

<template>
  <div :mometa=\\"{ start: { column: 3, line: 6, offset: 102}, end: { column: 9, line: 14, offset: 401}, isSelfClosing: false, filename: \`app\`, isComponent: false, name: \`div\`, began: 6, props: []}\\" >
    <a :mometa=\\"{ start: { column: 5, line: 7, offset: 112}, end: { column: 9, line: 10, offset: 264}, isSelfClosing: false, filename: \`app\`, isComponent: false, name: \`a\`, began: 6, props: [{ diractive: false, name: \`href\`, value: \`https://vitejs.dev\`},{ diractive: false, name: \`target\`, value: \`_blank\`}]}\\"  href=\\"https://vitejs.dev\\" target=\\"_blank\\">
      <img :mometa=\\"{ start: { column: 7, line: 8, offset: 164}, end: { column: 59, line: 8, offset: 216}, isSelfClosing: true, filename: \`app\`, isComponent: false, name: \`img\`, began: 10, props: [{ diractive: false, name: \`src\`, value: \`/vite.svg\`},{ diractive: false, name: \`class\`, value: \`logo\`},{ diractive: false, name: \`alt\`, value: \`Vite logo\`}]}\\"  src=\\"/vite.svg\\" class=\\"logo\\" alt=\\"Vite logo\\" />
      <span :mometa=\\"{ start: { column: 7, line: 9, offset: 223}, end: { column: 23, line: 9, offset: 239}, isSelfClosing: false, filename: \`app\`, isComponent: false, name: \`span\`, began: 11, props: []}\\" >asd</span><span :mometa=\\"{ start: { column: 23, line: 9, offset: 239}, end: { column: 39, line: 9, offset: 255}, isSelfClosing: false, filename: \`app\`, isComponent: false, name: \`span\`, began: 27, props: []}\\" >asd</span>
    </a>
    <a :mometa=\\"{ start: { column: 5, line: 11, offset: 269}, end: { column: 9, line: 13, offset: 392}, isSelfClosing: false, filename: \`app\`, isComponent: false, name: \`a\`, began: 6, props: [{ diractive: false, name: \`href\`, value: \`https://vuejs.org/\`},{ diractive: false, name: \`target\`, value: \`_blank\`}]}\\"  href=\\"https://vuejs.org/\\" target=\\"_blank\\">
      <img :mometa=\\"{ start: { column: 7, line: 12, offset: 321}, end: { column: 69, line: 12, offset: 383}, isSelfClosing: true, filename: \`app\`, isComponent: false, name: \`img\`, began: 10, props: [{ diractive: false, name: \`src\`, value: \`./assets/vue.svg\`},{ diractive: false, name: \`class\`, value: \`logo vue\`},{ diractive: false, name: \`alt\`, value: \`Vue logo\`}]}\\"  src=\\"./assets/vue.svg\\" class=\\"logo vue\\" alt=\\"Vue logo\\" />
    </a>
  </div>
  <HelloWorld msg=\\"Vite + Vue\\" />
</template>

<style scoped>
.logo {
  height: 6em;
  padding: 1.5em;
  will-change: filter;
}
.logo:hover {
  filter: drop-shadow(0 0 2em #646cffaa);
}
.logo.vue:hover {
  filter: drop-shadow(0 0 2em #42b883aa);
}
</style>"
`;

exports[`test injectMometaSFC > slot element 1`] = `
"<script setup lang=\\"ts\\">
import HelloWorld from './components/HelloWorld.vue'
</script>

<template>
  <HelloWorld msg=\\"Vite + Vue\\">
    <template #icon>
      <div :mometa=\\"{ start: { column: 7, line: 8, offset: 159}, end: { column: 21, line: 8, offset: 173}, isSelfClosing: false, filename: \`app\`, isComponent: false, slotName: \`icon\`, name: \`div\`, began: 10, props: []}\\" >asd</div>
    </template>
  </HelloWorld>
</template>

<style scoped>
.logo {
  height: 6em;
  padding: 1.5em;
  will-change: filter;
}
.logo:hover {
  filter: drop-shadow(0 0 2em #646cffaa);
}
.logo.vue:hover {
  filter: drop-shadow(0 0 2em #42b883aa);
}
</style>"
`;

exports[`test injectMometaSFC > ui element 1`] = `
"<script setup lang=\\"ts\\">
import HelloWorld from './components/HelloWorld.vue'
</script>

<template>
  <HelloWorld msg=\\"Vite + Vue\\" />
  <hello-world msg=\\"Vite + Vue\\" />
  <a-button :mometa=\\"{ start: { column: 3, line: 8, offset: 171}, end: { column: 53, line: 8, offset: 221}, isSelfClosing: false, filename: \`app\`, isComponent: true, name: \`a-button\`, began: 11, props: [{ diractive: false, name: \`type\`, value: \`primary\`}]}\\"  type=\\"primary\\">Primary Button</a-button>
  <div :mometa=\\"{ start: { column: 3, line: 9, offset: 224}, end: { column: 20, line: 9, offset: 241}, isSelfClosing: false, filename: \`app\`, isComponent: false, name: \`div\`, began: 6, props: []}\\" >sadasd</div>
</template>

<style scoped>
.logo {
  height: 6em;
  padding: 1.5em;
  will-change: filter;
}
.logo:hover {
  filter: drop-shadow(0 0 2em #646cffaa);
}
.logo.vue:hover {
  filter: drop-shadow(0 0 2em #42b883aa);
}
</style>"
`;
